
[TestGraphToYAML - 1]
id: "16_1"
vertices:
  "16_2":
    id: "16_2"
  "16_3":
    id: "16_3"
  "16_4":
    id: "16_4"
edges:
- id: "16_5"
- id: "16_6"
- id: "16_7"

---

[TestGraphSaveYAML - 1]
id: 16_d
vertices:
  16_e:
    id: 16_e
  16_f:
    id: 16_f
  16_g:
    id: 16_g
edges:
- id: 16_h
- id: 16_i
- id: 16_j

---
